// Jest Snapshot v1, https://goo.gl/fbAQLP

exports[`# Notfound 1`] = `
<h1>
  Page not found
</h1>
`;
