// Jest Snapshot v1, https://goo.gl/fbAQLP

exports[`# Notification 1`] = `
<div
  className="alert alert-dismissible alert-info"
  role="alert"
>
  <button
    aria-label="Close"
    className="close"
    data-dismiss="alert"
    onClick={[Function]}
    type="button"
  >
    <span
      aria-hidden="true"
    >
      Ã—
    </span>
  </button>
  Test notification
</div>
`;

exports[`# NotificationWrapper 1`] = `
<Notification
  notification={
    Object {
      "alertType": "info",
      "id": "1",
      "text": "Test notification",
    }
  }
  onRemoveNotificationClick={[Function]}
  store={
    Object {
      "clearActions": [Function],
      "dispatch": [Function],
      "getActions": [Function],
      "getState": [Function],
      "replaceReducer": [Function],
      "subscribe": [Function],
    }
  }
/>
`;
