// Jest Snapshot v1, https://goo.gl/fbAQLP

exports[`# Register page 1`] = `
<form
  className="form-signin"
>
  <h1
    className="h1 mb-3 font-weight-normal"
  >
    Experts portal
  </h1>
  <p
    className="h4 mb-3 font-weight-normal"
  >
    Please fill the form to register
  </p>
  <label
    className="sr-only"
    htmlFor="inputUsername"
  />
  <input
    className="form-control"
    id="inputUsername"
    placeholder="Username"
    required={true}
    type="text"
  />
  <label
    className="sr-only"
    htmlFor="inputPassword"
  />
  <input
    className="form-control"
    id="inputPassword"
    placeholder="Password"
    required={true}
    type="password"
  />
  <label
    className="sr-only"
    htmlFor="inputPasswordRepeat"
  />
  <input
    className="form-control"
    id="inputPasswordRepeat"
    placeholder="Password Confirmation"
    required={true}
    type="password"
  />
  <p />
  <button
    className="btn btn-lg btn-primary btn-block"
    onClick={[Function]}
    type="submit"
  >
    Register
  </button>
  <p
    className="h5 font-weight-normal"
  >
    Already registered? 
    <Link
      onlyActiveOnIndex={false}
      style={Object {}}
      to="/login"
    >
      Login here.
    </Link>
  </p>
  <p
    className="mt-5 mb-3 text-muted"
  >
    Â© 2017-2018
  </p>
</form>
`;

exports[`# Register page wrapper 1`] = `
<Register
  navToLogin={[Function]}
  onRegisterClick={[Function]}
  redirectToLogin={false}
  store={
    Object {
      "clearActions": [Function],
      "dispatch": [Function],
      "getActions": [Function],
      "getState": [Function],
      "replaceReducer": [Function],
      "subscribe": [Function],
    }
  }
  storeSubscription={
    Subscription {
      "listeners": Object {
        "notify": [Function],
      },
      "onStateChange": [Function],
      "parentSub": undefined,
      "store": Object {
        "clearActions": [Function],
        "dispatch": [Function],
        "getActions": [Function],
        "getState": [Function],
        "replaceReducer": [Function],
        "subscribe": [Function],
      },
      "unsubscribe": null,
    }
  }
/>
`;
