// Jest Snapshot v1, https://goo.gl/fbAQLP

exports[`# Question 1`] = `
<div
  className="panel panel-default text-left"
>
  <div
    className="panel-heading"
  >
    <span>
      <button
        className="btn btn-link"
        id="deleteBtn"
        onClick={[Function]}
        type="submit"
      >
        <span
          className="glyphicon glyphicon-trash"
          style={
            Object {
              "color": "#800000",
            }
          }
        />
      </button>
      <button
        className="btn btn-link"
        id="editBtn"
        onClick={[Function]}
      >
        <span
          className="glyphicon glyphicon-pencil"
          style={
            Object {
              "color": "#800000",
            }
          }
        />
      </button>
    </span>
    Test question
    <div
      className="pull-right"
    >
      Created by: 
      <Link
        onlyActiveOnIndex={false}
        style={Object {}}
        to="/profile/1"
      >
        testuser
      </Link>
    </div>
  </div>
  <div
    className="panel-body"
  >
    <ul
      className="list-group"
    >
      <li
        className="list-group-item"
      >
        Test answer
      </li>
    </ul>
  </div>
  <div
    className="panel-footer"
  >
    <form
      className="form-horizontal"
    >
      <div
        className="col-sm-10"
      >
        <input
          className="form-control"
          id="answerInput"
          placeholder="Enter your answer..."
          type="text"
        />
      </div>
      <button
        className="btn btn-default"
        id="answerBtn"
        onClick={[Function]}
        type="submit"
      >
        Answer
      </button>
    </form>
  </div>
</div>
`;

exports[`# QuestionWrapper 1`] = `
<Question
  deleteQuestion={[Function]}
  question={
    Object {
      "answers": Array [
        Object {
          "answer": "Test answer",
        },
      ],
      "owner": Object {
        "id": "1",
        "login": "testuser",
      },
      "text": "Test question",
    }
  }
  store={
    Object {
      "clearActions": [Function],
      "dispatch": [Function],
      "getActions": [Function],
      "getState": [Function],
      "replaceReducer": [Function],
      "subscribe": [Function],
    }
  }
  storeSubscription={
    Subscription {
      "listeners": Object {
        "notify": [Function],
      },
      "onStateChange": [Function],
      "parentSub": undefined,
      "store": Object {
        "clearActions": [Function],
        "dispatch": [Function],
        "getActions": [Function],
        "getState": [Function],
        "replaceReducer": [Function],
        "subscribe": [Function],
      },
      "unsubscribe": null,
    }
  }
  updateQuestion={[Function]}
  user={
    Object {
      "id": "1",
      "login": "testuser",
    }
  }
/>
`;
