// Jest Snapshot v1, https://goo.gl/fbAQLP

exports[`# Profile page 1`] = `
<div
  className="container"
>
  <Component
    current="/profile/1"
    user={
      Object {
        "id": "1",
        "login": "testuser",
        "registrationDate": 2018-02-01T01:01:01.001Z,
      }
    }
  />
  <Connect(User)
    edit={true}
    user={
      Object {
        "id": "1",
        "login": "testuser",
        "registrationDate": 2018-02-01T01:01:01.001Z,
      }
    }
  />
</div>
`;

exports[`# Profile page wrapper 1`] = `
<Profile
  getUser={[Function]}
  loadedUser={
    Object {
      "id": "1",
      "login": "testuser",
      "registrationDate": 2018-02-01T01:01:01.001Z,
    }
  }
  params={[Function]}
  store={
    Object {
      "clearActions": [Function],
      "dispatch": [Function],
      "getActions": [Function],
      "getState": [Function],
      "replaceReducer": [Function],
      "subscribe": [Function],
    }
  }
  storeSubscription={
    Subscription {
      "listeners": Object {
        "notify": [Function],
      },
      "onStateChange": [Function],
      "parentSub": undefined,
      "store": Object {
        "clearActions": [Function],
        "dispatch": [Function],
        "getActions": [Function],
        "getState": [Function],
        "replaceReducer": [Function],
        "subscribe": [Function],
      },
      "unsubscribe": null,
    }
  }
  user={
    Object {
      "id": "1",
      "login": "testuser",
      "registrationDate": 2018-02-01T01:01:01.001Z,
    }
  }
/>
`;
