// Jest Snapshot v1, https://goo.gl/fbAQLP

exports[`# Create 1`] = `
<div>
  <Component
    current="/create"
    user={
      Object {
        "id": "1",
        "login": "testuser",
        "registrationDate": 2018-02-01T01:01:01.001Z,
      }
    }
  />
  <div
    className="container"
  >
    <form
      className="formQuestion"
    >
      <div
        className="form-group"
      >
        <p
          className="h4 mb-3 font-weight-normal"
        >
          Please fill the form to create a new question
        </p>
        <label
          className="sr-only"
          htmlFor="questionText"
        />
        <textarea
          className="form-control"
          id="questionText"
          placeholder="Question text"
          required={true}
          rows="5"
          type="text"
        />
      </div>
      <div
        className="form-group"
      >
        <label
          className="sr-only"
          htmlFor="expirationDate"
        />
        <input
          className="form-control"
          id="expirationDate"
          placeholder="Expiration Date"
          required={true}
          type="date"
        />
      </div>
      <p />
      <button
        className="btn btn-lg btn-primary btn-block"
        onClick={[Function]}
        type="submit"
      >
        Create new question
      </button>
    </form>
  </div>
</div>
`;

exports[`# CreatePage 1`] = `
<Create
  doCreateQuestion={[Function]}
  store={
    Object {
      "clearActions": [Function],
      "dispatch": [Function],
      "getActions": [Function],
      "getState": [Function],
      "replaceReducer": [Function],
      "subscribe": [Function],
    }
  }
  storeSubscription={
    Subscription {
      "listeners": Object {
        "notify": [Function],
      },
      "onStateChange": [Function],
      "parentSub": undefined,
      "store": Object {
        "clearActions": [Function],
        "dispatch": [Function],
        "getActions": [Function],
        "getState": [Function],
        "replaceReducer": [Function],
        "subscribe": [Function],
      },
      "unsubscribe": null,
    }
  }
  user={
    Object {
      "id": "1",
      "login": "testuser",
      "registrationDate": 2018-02-01T01:01:01.001Z,
    }
  }
/>
`;
